// Jest Snapshot v1, https://goo.gl/fbAQLP

exports[`renders homepage unchanged 1`] = `
<div>
  <div>
    <h1>
      Welcome to Next.js!
    </h1>
    <p>
      <a
        href="/users/clientside"
      >
        Users
      </a>
    </p>
  </div>
</div>
`;
